tuning on 450,000 rows, 37 baseline features, 0.8051% fraud, 17,500 payers
[ 1/24] PR-AUC 0.94946 +/- 0.00549  (95s)  {'n_estimators': 800, 'learning_rate': 0.08, 'num_leaves': 127, 'min_child_samples': 150, 'colsample_bytree': 0.8, 'subsample': 1.0, 'subsample_freq': 1, 'reg_lambda': 20.0, 'max_depth': -1}
[ 2/24] PR-AUC 0.94789 +/- 0.00374  (20s)  {'n_estimators': 300, 'learning_rate': 0.05, 'num_leaves': 63, 'min_child_samples': 150, 'colsample_bytree': 1.0, 'subsample': 0.7, 'subsample_freq': 1, 'reg_lambda': 1.0, 'max_depth': 12}
[ 3/24] PR-AUC 0.93840 +/- 0.00958  (14s)  {'n_estimators': 300, 'learning_rate': 0.12, 'num_leaves': 31, 'min_child_samples': 40, 'colsample_bytree': 1.0, 'subsample': 0.7, 'subsample_freq': 1, 'reg_lambda': 1.0, 'max_depth': -1}
[ 4/24] PR-AUC 0.94964 +/- 0.00586  (59s)  {'n_estimators': 600, 'learning_rate': 0.05, 'num_leaves': 255, 'min_child_samples': 40, 'colsample_bytree': 0.8, 'subsample': 0.85, 'subsample_freq': 1, 'reg_lambda': 5.0, 'max_depth': 8}
[ 5/24] PR-AUC 0.94418 +/- 0.00489  (84s)  {'n_estimators': 600, 'learning_rate': 0.12, 'num_leaves': 255, 'min_child_samples': 150, 'colsample_bytree': 1.0, 'subsample': 0.85, 'subsample_freq': 1, 'reg_lambda': 1.0, 'max_depth': 12}
[ 6/24] PR-AUC 0.94559 +/- 0.00365  (80s)  {'n_estimators': 400, 'learning_rate': 0.03, 'num_leaves': 255, 'min_child_samples': 20, 'colsample_bytree': 1.0, 'subsample': 0.85, 'subsample_freq': 1, 'reg_lambda': 0.0, 'max_depth': -1}
[ 7/24] PR-AUC 0.94773 +/- 0.00526  (18s)  {'n_estimators': 400, 'learning_rate': 0.03, 'num_leaves': 31, 'min_child_samples': 80, 'colsample_bytree': 1.0, 'subsample': 0.85, 'subsample_freq': 1, 'reg_lambda': 20.0, 'max_depth': 12}
[ 8/24] PR-AUC 0.94752 +/- 0.00444  (68s)  {'n_estimators': 800, 'learning_rate': 0.08, 'num_leaves': 63, 'min_child_samples': 80, 'colsample_bytree': 0.6, 'subsample': 0.85, 'subsample_freq': 1, 'reg_lambda': 1.0, 'max_depth': -1}
[ 9/24] PR-AUC 0.94963 +/- 0.00375  (35s)  {'n_estimators': 800, 'learning_rate': 0.03, 'num_leaves': 31, 'min_child_samples': 20, 'colsample_bytree': 1.0, 'subsample': 1.0, 'subsample_freq': 1, 'reg_lambda': 20.0, 'max_depth': -1}
[10/24] PR-AUC 0.94910 +/- 0.00441  (42s)  {'n_estimators': 600, 'learning_rate': 0.05, 'num_leaves': 63, 'min_child_samples': 20, 'colsample_bytree': 0.8, 'subsample': 1.0, 'subsample_freq': 1, 'reg_lambda': 5.0, 'max_depth': -1}
[11/24] PR-AUC 0.94897 +/- 0.00487  (85s)  {'n_estimators': 600, 'learning_rate': 0.05, 'num_leaves': 255, 'min_child_samples': 150, 'colsample_bytree': 0.6, 'subsample': 0.85, 'subsample_freq': 1, 'reg_lambda': 20.0, 'max_depth': 12}
[12/24] PR-AUC 0.94465 +/- 0.00497  (26s)  {'n_estimators': 600, 'learning_rate': 0.08, 'num_leaves': 31, 'min_child_samples': 80, 'colsample_bytree': 0.8, 'subsample': 0.7, 'subsample_freq': 1, 'reg_lambda': 0.0, 'max_depth': 8}
[13/24] PR-AUC 0.94965 +/- 0.00469  (50s)  {'n_estimators': 600, 'learning_rate': 0.08, 'num_leaves': 127, 'min_child_samples': 150, 'colsample_bytree': 1.0, 'subsample': 0.85, 'subsample_freq': 1, 'reg_lambda': 5.0, 'max_depth': 8}
[14/24] PR-AUC 0.94695 +/- 0.00395  (33s)  {'n_estimators': 300, 'learning_rate': 0.03, 'num_leaves': 127, 'min_child_samples': 40, 'colsample_bytree': 0.8, 'subsample': 0.7, 'subsample_freq': 1, 'reg_lambda': 0.0, 'max_depth': -1}
[15/24] PR-AUC 0.93745 +/- 0.00618  (25s)  {'n_estimators': 400, 'learning_rate': 0.12, 'num_leaves': 63, 'min_child_samples': 40, 'colsample_bytree': 0.8, 'subsample': 1.0, 'subsample_freq': 1, 'reg_lambda': 1.0, 'max_depth': 8}
[16/24] PR-AUC 0.94902 +/- 0.00518  (2556s)  {'n_estimators': 400, 'learning_rate': 0.08, 'num_leaves': 63, 'min_child_samples': 80, 'colsample_bytree': 0.8, 'subsample': 1.0, 'subsample_freq': 1, 'reg_lambda': 20.0, 'max_depth': -1}
[17/24] PR-AUC 0.94895 +/- 0.00436  (8368s)  {'n_estimators': 600, 'learning_rate': 0.05, 'num_leaves': 63, 'min_child_samples': 20, 'colsample_bytree': 0.6, 'subsample': 0.85, 'subsample_freq': 1, 'reg_lambda': 20.0, 'max_depth': -1}
[18/24] PR-AUC 0.93212 +/- 0.00758  (574s)  {'n_estimators': 400, 'learning_rate': 0.12, 'num_leaves': 255, 'min_child_samples': 20, 'colsample_bytree': 0.6, 'subsample': 1.0, 'subsample_freq': 1, 'reg_lambda': 0.0, 'max_depth': -1}
[19/24] PR-AUC 0.94672 +/- 0.00582  (19s)  {'n_estimators': 400, 'learning_rate': 0.12, 'num_leaves': 31, 'min_child_samples': 80, 'colsample_bytree': 0.8, 'subsample': 0.7, 'subsample_freq': 1, 'reg_lambda': 20.0, 'max_depth': 12}
[20/24] PR-AUC 0.94366 +/- 0.00558  (49s)  {'n_estimators': 400, 'learning_rate': 0.12, 'num_leaves': 127, 'min_child_samples': 150, 'colsample_bytree': 1.0, 'subsample': 0.85, 'subsample_freq': 1, 'reg_lambda': 1.0, 'max_depth': -1}
[21/24] PR-AUC 0.94991 +/- 0.00358  (136s)  {'n_estimators': 600, 'learning_rate': 0.03, 'num_leaves': 255, 'min_child_samples': 150, 'colsample_bytree': 0.6, 'subsample': 0.85, 'subsample_freq': 1, 'reg_lambda': 0.0, 'max_depth': -1}
[22/24] PR-AUC 0.94172 +/- 0.00192  (37s)  {'n_estimators': 400, 'learning_rate': 0.12, 'num_leaves': 255, 'min_child_samples': 80, 'colsample_bytree': 0.8, 'subsample': 0.85, 'subsample_freq': 1, 'reg_lambda': 0.0, 'max_depth': 8}
[23/24] PR-AUC 0.94942 +/- 0.00477  (37s)  {'n_estimators': 800, 'learning_rate': 0.05, 'num_leaves': 31, 'min_child_samples': 20, 'colsample_bytree': 1.0, 'subsample': 0.7, 'subsample_freq': 1, 'reg_lambda': 20.0, 'max_depth': 12}
[24/24] PR-AUC 0.94942 +/- 0.00524  (89s)  {'n_estimators': 600, 'learning_rate': 0.05, 'num_leaves': 255, 'min_child_samples': 80, 'colsample_bytree': 0.8, 'subsample': 0.7, 'subsample_freq': 1, 'reg_lambda': 1.0, 'max_depth': 12}

frozen -> config/frozen_params.json
{
  "n_estimators": 600,
  "learning_rate": 0.03,
  "num_leaves": 255,
  "min_child_samples": 150,
  "colsample_bytree": 0.6,
  "subsample": 0.85,
  "subsample_freq": 1,
  "reg_lambda": 0.0,
  "max_depth": -1
}
